evdev=/dev/input/event6 js=/dev/input/event6  started, 240s window
  [t+ 15s] events so far: 0
  [t+ 30s] events so far: 0
  *** FIRST EVENT at t+35s ***
  [t+ 45s] events so far: 4746
  [t+ 60s] events so far: 8698
  [t+ 75s] events so far: 8997
  [t+ 90s] events so far: 8997
  [t+105s] events so far: 8997
  [t+120s] events so far: 8997
  [t+135s] events so far: 8997
  [t+150s] events so far: 8997
  [t+165s] events so far: 8997
  [t+180s] events so far: 8997
  [t+195s] events so far: 8997
  [t+210s] events so far: 8997
  [t+225s] events so far: 8997

=== 8997 evdev events in 240s ===
first at t+35s, last at t+67s

  AXIS RANGES SEEN (min -> max):
    X              805 ->   64714   MOVED
    Z            55615 ->   65535   MOVED
    RX            -127 ->     127   MOVED
    RY            -110 ->      98   MOVED
    RZ               0 ->   65535   MOVED
    RUDDER          -6 ->      -4   MOVED

  buttons pressed: 13 distinct -> [288, 289, 290, 291, 294, 295, 296, 297, 298, 299, 662, 664, 666]

=== sysfs after ===
  wheel_id: 0x00
  fw_version: 0
  range: 0
  SEN: 0
  FF: 0
  DRI: 0
